success: false
stdout:
defaults=0/1.4/9/0/3 local=3/6 restored=7/5
! pdfTeX error (invalid pdfmajorversion)
! pdfTeX error (invalid pdfminorversion)

pdfTeX warning (Object streams): \pdfobjcompresslevel > 0 requires PDF-1.5 or g
reater. Object streams disabled now.
[0] recovered=1.4
log:
defaults=0/1.4/9/0/3 local=3/6 restored=7/5
! pdfTeX error (invalid pdfmajorversion)
The pdfmajorversion must be 1 or greater.
I changed this to 1.

! pdfTeX error (invalid pdfminorversion)
The pdfminorversion must be between 0 and 9.
I changed this to 4.

pdfTeX warning (Object streams): \pdfobjcompresslevel > 0 requires PDF-1.5 or g
reater. Object streams disabled now.
[0] recovered=1.4
